中间数据集/按品类的日粒度时序数据集/花菜类.csv
日期,销量(千克),销售单价(元/千克),批发价格(元/千克),损耗率_品类,成本加成定价
2021-06-01,41.593,7.107142857142857,5.035119047619047,15.51,7.107142857142856
2021-06-02,43.414,6.7894736842105265,4.140789473684211,15.51,6.65328947368421
2021-06-05,61.486,8.066037735849056,4.848018867924528,15.51,7.680000000000001
2021-06-06,42.143,7.25,4.70625,15.51,6.96875
2021-06-10,13.847,7.461538461538462,4.350769230769231,15.51,7.421153846153847
2021-06-11,21.048,7.75,4.78875,15.51,7.7390625
2021-06-12,52.462,7.524752475247524,5.518415841584159,15.51,7.524752475247524
2021-06-13,62.324,7.677868852459016,6.154918032786885,15.51,7.677868852459016
2021-06-16,12.99,8.5,5.2387500000000005,15.51,8.5
2021-06-18,34.971,8.461538461538462,5.508461538461539,15.51,8.461538461538462
2021-06-19,44.511,8.93421052631579,5.465921052631579,15.51,8.735263157894737
2021-06-20,43.614,8.753846153846155,5.44676923076923,15.51,8.666615384615385
2021-06-21,54.07,9.178571428571429,5.554464285714286,15.51,9.033794642857144
2021-06-22,26.162,9.16,5.7346,15.51,9.16
2021-06-24,34.885,8.984615384615385,5.894153846153846,15.51,8.984615384615385
2021-06-25,40.437,8.96103896103896,5.897142857142857,15.51,8.96103896103896
2021-06-27,56.542,9.415929203539823,5.897345132743363,15.51,9.415929203539823
2021-06-28,35.784,9.215189873417721,5.6936708860759495,15.51,9.215189873417721
2021-06-29,34.383,9.424657534246576,5.882191780821918,15.51,9.424657534246576
2021-06-30,27.052,9.309090909090909,5.778181818181818,15.51,9.309090909090909
2021-07-01,33.72,9.0625,5.8306249999999995,15.51,9.062499999999998
2021-07-02,24.972,9.517857142857142,5.529107142857143,15.51,9.517857142857142
2021-07-03,48.497,8.936170212765957,5.296808510638297,15.51,8.789361702127659
2021-07-05,66.355,8.330708661417322,4.746141732283465,15.51,8.224370078740158
2021-07-06,44.901,9.0,5.0874999999999995,15.51,8.85
2021-07-11,75.634,7.548192771084337,4.96210843373494,15.51,7.528689759036145
2021-07-12,24.48,8.152542372881356,5.473898305084745,15.51,8.116186440677966
2021-07-13,47.258,8.029126213592233,5.397184466019417,15.51,7.994684466019417
2021-07-14,50.127,7.525252525252525,4.887474747474748,15.51,7.5075252525252525
2021-07-16,39.074,7.662650602409639,5.049759036144578,15.51,7.662650602409639
2021-07-18,60.81,7.581818181818182,4.673454545454546,15.51,7.4061818181818175
2021-07-19,34.935,7.802631578947368,5.00407894736842,15.51,7.719736842105264
2021-07-20,46.461,7.891089108910891,5.184257425742574,15.51,7.873935643564357
2021-07-21,52.983,7.854368932038835,5.677281553398058,15.51,7.844174757281554
2021-07-24,50.323,8.813725490196079,6.038235294117647,15.51,8.813725490196079
2021-07-25,60.229,9.409448818897637,6.67,15.51,9.409448818897637
2021-07-26,25.066,8.115384615384615,6.684807692307692,15.51,8.115384615384615
2021-07-27,53.678,9.097345132743364,6.75929203539823,15.51,9.097345132743364
2021-07-29,31.376,9.533333333333333,6.599333333333333,15.51,9.533333333333333
2021-07-30,43.631,9.591578947368422,6.428,15.51,9.591578947368422
2021-07-31,47.859,9.87378640776699,6.530679611650485,15.51,9.87378640776699
2021-08-01,66.798,9.123999999999999,6.62,15.51,9.123999999999999
2021-08-02,24.162,9.1,6.71,15.51,9.1
2021-08-03,20.641,9.14,6.8886,15.51,9.14
2021-08-04,14.278,9.105263157894736,5.8042105263157895,15.51,9.105263157894735
2021-08-05,26.638,9.193548387096774,6.412580645161291,15.51,9.193548387096774
2021-08-06,28.948,9.953846153846154,7.013230769230769,15.51,9.953846153846154
2021-08-09,56.607,10.0,6.81,15.51,10.0
2021-08-10,11.233,9.88888888888889,6.6066666666666665,15.51,9.88888888888889
2021-08-11,1.054,10.0,6.78,15.51,10.0
2021-08-12,12.87,10.0,5.933,15.51,9.67625
2021-08-13,3.504,10.0,7.260000000000001,15.51,10.0
2021-08-14,16.528,10.0,7.3,15.51,10.0
2021-08-15,8.103,10.0,7.349999999999999,15.51,10.0
2021-08-16,6.045,10.0,7.4,15.51,10.0
2021-08-17,9.498000000000001,10.0,7.409999999999999,15.51,10.0
2021-08-18,8.645,9.333333333333334,7.140000000000001,15.51,9.333333333333334
2021-08-19,8.906,10.0,7.49,15.51,10.0
2021-08-20,47.274,8.305882352941177,6.424588235294118,15.51,8.305882352941177
2021-08-22,1.546,10.0,7.73,15.51,10.0
2021-08-23,4.509,10.0,7.11,15.51,10.0
2021-08-24,9.206999999999999,10.0,6.97,15.51,10.0
2021-08-25,2.219,10.0,6.686666666666667,15.51,10.0
2021-08-26,5.452,10.0,7.0616666666666665,15.51,9.9725
2021-08-27,19.568,8.357142857142858,5.773928571428571,15.51,8.340357142857142
2021-08-28,35.502,8.708333333333334,6.0775,15.51,8.690208333333333
2021-08-29,56.181,8.547619047619047,5.822500000000001,15.51,8.50922619047619
2021-08-30,48.287,8.329113924050633,5.817974683544304,15.51,8.313924050632911
2021-08-31,42.879,8.4,5.648285714285715,15.51,8.366107142857144
2021-09-01,8.003,10.0,8.16,15.51,10.0
2021-09-02,27.869,12.0,8.17,15.51,11.999999999999998
2021-09-03,24.967,12.0,8.45,15.51,12.0
2021-09-04,32.878,12.0,8.72,15.51,12.0
2021-09-05,51.129,11.964285714285714,8.868214285714286,15.51,11.964285714285717
2021-09-06,34.751,10.148148148148149,7.860000000000001,15.51,10.148148148148149
2021-09-07,23.172,10.26923076923077,7.8100000000000005,15.51,10.26923076923077
2021-09-08,15.183,10.216216216216216,7.7700000000000005,15.51,10.216216216216216
2021-09-09,14.255,10.057142857142857,7.749714285714286,15.51,10.057142857142857
2021-09-10,24.651,10.296296296296296,7.91,15.51,10.296296296296296
2021-09-12,32.063,8.0,7.01,15.51,8.0
2021-09-13,11.356,12.0,6.72,15.51,11.76
2021-09-14,10.777000000000001,12.0,7.8,15.51,12.0
2021-09-15,12.702,12.0,7.799999999999999,15.51,12.0
2021-09-18,35.325,11.205128205128204,6.69,15.51,11.028878205128207
2021-09-19,51.647,10.0,6.21,15.51,10.0
2021-09-20,69.542,9.966423357664235,6.38080291970803,15.51,9.966423357664235
2021-09-21,56.3,10.0,6.88,15.51,10.0
2021-09-22,38.956,10.0,6.34,15.51,10.0
2021-09-24,8.431000000000001,8.0,6.09,15.51,7.999999999999998
2021-09-26,2.299,8.0,5.96,15.51,8.0
2021-09-27,4.863,8.0,5.79,15.51,8.0
2021-09-28,12.669,9.8125,6.368437500000001,15.51,9.8125
2021-09-29,23.336,10.0,6.57,15.51,10.0
2021-09-30,34.511,10.0,6.57,15.51,10.0
2021-10-01,56.82,9.71774193548387,6.86,15.51,9.71774193548387
2021-10-03,41.672,9.70873786407767,7.03,15.51,9.70873786407767
2021-10-04,39.913000000000004,10.0,7.0,15.51,10.0
2021-10-05,51.134,10.0,7.0,15.51,10.0
2021-10-06,41.573,10.0,7.21,15.51,10.0
2021-10-07,23.278,12.0,7.88,15.51,12.0
2021-10-08,19.823,14.0,8.4,15.51,14.0
2021-10-09,22.221999999999998,14.0,8.76,15.51,14.0
2021-10-10,40.329,13.923809523809524,8.88,15.51,13.923809523809524
2021-10-11,4.407,10.0,8.99,15.51,10.0
2021-10-14,14.852,13.333333333333334,9.45,15.51,13.333333333333334
2021-10-16,36.28,13.468354430379748,9.47,15.51,13.468354430379748
2021-10-17,26.795,13.6,9.58,15.51,13.599999999999998
2021-10-18,20.605999999999998,14.10943396226415,9.915471698113207,15.51,13.900943396226417
2021-10-19,16.958,14.0,10.22,15.51,14.0
2021-10-20,25.154,14.0,11.4,15.51,14.000000000000002
2021-10-30,17.279,14.0,13.82,15.51,14.0
2021-10-31,28.424,14.0,9.73,15.51,14.0
2021-11-03,27.868,12.0,8.64,15.51,12.0
2021-11-04,23.879,12.0,8.63,15.51,11.999999999999998
2021-11-05,37.479,11.944444444444445,8.599722222222223,15.51,11.944444444444445
2021-11-09,27.373,10.215384615384615,8.52,15.51,10.215384615384615
2021-11-11,13.156,14.0,9.07,15.51,14.000000000000002
2021-11-14,30.582,14.0,8.89,15.51,14.0
2021-11-15,12.677,14.0,8.890000000000002,15.51,14.0
2021-11-16,12.525,14.0,8.890000000000002,15.51,14.0
2021-11-17,15.791,14.0,9.02,15.51,14.0
2021-11-18,6.018,14.0,9.12,15.51,14.0
2021-11-23,9.495,14.0,10.48,15.51,14.0
2021-11-24,12.559,14.0,10.54,15.51,14.0
2021-11-25,10.217,14.0,10.69,15.51,13.999999999999998
2021-11-26,17.511,12.0,8.28,15.51,12.0
2021-11-27,23.115,12.0,8.52,15.51,12.0
2021-11-28,21.817,12.0,8.6,15.51,12.0
2021-11-29,9.182,12.0,9.13,15.51,12.0
2021-11-30,25.737,10.0,8.11,15.51,10.0
2021-12-02,18.262999999999998,10.0,7.29,15.51,10.0
2021-12-03,20.739,12.0,7.48,15.51,11.999999999999998
2021-12-05,25.795,14.0,8.47,15.51,14.0
2021-12-06,14.424,12.0,8.64,15.51,12.0
2021-12-07,16.639,12.0,8.77,15.51,12.0
2021-12-08,15.059000000000001,14.0,8.96,15.51,14.000000000000002
2021-12-09,12.175,14.0,9.12,15.51,14.0
2021-12-10,14.231,14.0,9.36,15.51,14.0
2021-12-12,15.656,14.0,9.35,15.51,14.0
2021-12-13,27.925,10.88,8.1512,15.51,10.88
2021-12-14,13.141,14.0,8.21,15.51,14.0
2021-12-17,34.299,8.0,6.84,15.51,8.0
2021-12-19,51.133,8.0,6.34,15.51,8.0
2021-12-20,24.901,8.0,4.96,15.51,7.999999999999999
2021-12-21,18.202,8.0,4.97,15.51,8.0
2021-12-22,14.458,8.0,4.98,15.51,8.0
2021-12-23,24.073,7.957446808510638,5.038510638297873,15.51,7.946329787234042
2021-12-25,33.162,9.0,5.69,15.51,9.0
2021-12-26,28.498,9.0,5.96,15.51,9.0
2021-12-27,15.213,9.0,5.97,15.51,9.0
2021-12-28,24.145,9.0,5.94,15.51,9.0
2021-12-30,17.651,8.0,5.11,15.51,8.0
2022-01-01,38.272,8.0,5.19,15.51,8.0
2022-01-03,38.027,6.0,5.57,15.51,6.0
2022-01-05,39.688,6.0,5.46,15.51,6.000000000000001
2022-01-06,35.897,6.0,5.41,15.51,6.0
2022-01-07,31.834,8.0,5.1,15.51,8.0
2022-01-10,35.175,6.0,3.82,15.51,6.0
2022-01-13,21.816,6.0,4.0,15.51,6.0
2022-01-14,23.405,7.0,4.0,15.51,7.0
2022-01-15,37.538,7.0,4.0,15.51,7.0
2022-01-16,58.007,6.0,4.06,15.51,6.0
2022-01-17,11.754999999999999,7.0,4.15,15.51,7.0
2022-01-18,9.211,7.0,4.1,15.51,7.0
2022-01-19,16.223,7.0,4.1,15.51,7.0
2022-01-22,64.541,8.0,4.68,15.51,8.0
2022-01-23,74.249,7.95036496350365,5.1,15.51,7.944525547445256
2022-01-26,32.217,10.0,6.22,15.51,10.0
2022-01-28,85.253,10.0,6.32,15.51,10.0
2022-02-03,26.229,10.0,6.4,15.51,10.0
2022-02-04,48.036,10.0,6.3,15.51,10.0
2022-02-07,43.144,9.0,5.47,15.51,9.0
2022-02-08,44.616,8.151807228915663,5.594819277108434,15.51,8.142168674698794
2022-02-09,25.255,9.0,5.95,15.51,9.0
2022-02-10,23.057,8.0,5.2,15.51,8.0
2022-02-11,24.982,8.0,5.2,15.51,8.0
2022-02-12,35.481,8.0,5.32,15.51,8.0
2022-02-13,37.882,8.0,5.43,15.51,8.0
2022-02-14,35.754,8.0,5.24,15.51,8.0
2022-02-15,30.547,8.0,5.09,15.51,8.0
2022-02-16,21.875,8.0,5.16,15.51,8.0
2022-02-17,20.645,8.0,5.3,15.51,8.0
2022-02-18,24.401,8.0,5.299999999999999,15.51,8.0
2022-02-21,28.045,8.0,5.400000000000001,15.51,8.0
2022-02-23,28.796,8.0,5.6,15.51,8.0
2022-02-25,25.668,8.0,6.0,15.51,8.0
2022-02-26,29.244,10.0,6.07,15.51,10.0
2022-02-27,34.072,10.0,6.6,15.51,10.0
2022-03-02,18.905,10.0,6.6,15.51,10.0
2022-03-03,21.88,10.0,6.6,15.51,10.0
2022-03-04,20.119,10.0,6.599999999999999,15.51,10.0
2022-03-05,29.269,10.0,6.6,15.51,10.0
2022-03-06,31.384,9.921875,6.5581249999999995,15.51,9.921875
2022-03-07,0.632,10.0,6.6,15.51,10.0
2022-03-08,14.951,8.266666666666667,4.8,15.51,8.053333333333333
2022-03-09,15.084,8.125,4.8,15.51,8.025
2022-03-10,16.971,8.205128205128204,4.97,15.51,8.071538461538463
2022-03-11,19.221,8.458333333333334,5.122083333333333,15.51,8.2709375
2022-03-13,30.393,8.229508196721312,7.0,15.51,8.229508196721312
2022-03-14,9.127,10.0,7.0,15.51,10.0
2022-03-15,7.721,10.0,6.7700000000000005,15.51,10.0
2022-03-16,11.876999999999999,10.24,7.201999999999999,15.51,10.24
2022-03-17,12.813,10.0,7.19,15.51,10.0
2022-03-18,14.473,12.0,7.02,15.51,12.0
2022-03-19,24.298000000000002,12.0,7.02,15.51,12.0
2022-03-20,16.749,12.0,7.22,15.51,12.0
2022-03-22,16.239,12.0,7.3,15.51,11.999999999999998
2022-03-23,7.625,12.0,7.2700000000000005,15.51,12.0
2022-03-24,7.711,12.0,7.22,15.51,12.0
2022-03-25,14.528,11.664000000000001,7.1848,15.51,11.664000000000001
2022-03-26,16.707,10.0,7.4,15.51,10.0
2022-03-27,11.68,10.0,7.4,15.51,10.0
2022-03-28,2.089,10.0,6.73,15.51,10.0
2022-03-30,30.3,8.222222222222221,6.75,15.51,8.222222222222221
2022-03-31,25.097,8.16326530612245,6.75,15.51,8.16326530612245
2022-04-01,25.701,8.408163265306122,7.32,15.51,8.408163265306122
2022-04-02,26.163,8.326530612244898,7.4,15.51,8.326530612244898
2022-04-03,16.438,8.357142857142858,7.4799999999999995,15.51,8.357142857142856
2022-04-05,21.248,12.0,7.48,15.51,11.999999999999998
2022-04-06,17.497,9.5625,5.9159375,15.51,9.562499999999998
2022-04-07,10.494,12.0,7.48,15.51,11.999999999999998
2022-04-09,15.591,14.0,7.679999999999999,15.51,13.44
2022-04-10,7.757000000000001,14.0,7.950000000000001,15.51,13.912499999999998
2022-04-12,6.375,14.0,7.96,15.51,13.93
2022-04-13,9.797,14.0,7.8,15.51,13.65
2022-04-14,6.047,14.0,7.72,15.51,13.51
2022-04-17,20.254,14.0,8.4,15.51,14.0
2022-04-19,7.869,14.0,8.6,15.51,14.000000000000004
2022-04-20,11.413,14.0,9.34,15.51,14.0
2022-04-22,18.726,14.0,9.5,15.51,14.0
2022-04-23,19.648,12.054054054054054,8.137297297297296,15.51,12.054054054054054
2022-04-25,16.833,12.0,8.27,15.51,12.0
2022-04-26,9.969,11.578947368421053,8.063157894736841,15.51,11.578947368421053
2022-04-29,21.479,12.047619047619047,7.23547619047619,15.51,12.047619047619047
2022-04-30,28.319,10.0,6.77,15.51,10.0
2022-05-01,23.295,10.0,6.13,15.51,10.0
2022-05-02,13.734,8.129032258064516,5.75,15.51,8.129032258064516
2022-05-03,27.601,8.0,5.78,15.51,8.0
2022-05-04,26.182,8.13090909090909,5.81,15.51,8.13090909090909
2022-05-05,18.79,8.057142857142857,5.81,15.51,8.057142857142857
2022-05-08,42.607,6.0,4.32,15.51,6.0
2022-05-09,29.087,8.0,5.85,15.51,8.0
2022-05-10,22.638,8.0,4.42,15.51,7.734999999999999
2022-05-11,19.261,8.0,5.2,15.51,8.0
2022-05-12,24.59,8.0,5.5,15.51,8.0
2022-05-13,21.993,8.0,5.44,15.51,8.0
2022-05-14,48.521,8.0,5.43,15.51,8.0
2022-05-15,43.781,8.0,5.61,15.51,8.0
2022-05-16,23.633,8.0,5.45,15.51,8.0
2022-05-17,15.163,8.0,6.1,15.51,8.0
2022-05-19,17.603,8.0,5.61,15.51,8.0
2022-05-20,13.908,9.2,5.589999999999999,15.51,9.2
2022-05-21,26.494,9.2,5.569999999999999,15.51,9.2
2022-05-22,23.847,9.2,5.85,15.51,9.2
2022-05-23,15.361,9.2,6.57,15.51,9.2
2022-05-24,27.64,8.0,6.45,15.51,8.0
2022-05-25,19.562,8.0,6.15,15.51,8.0
2022-05-26,25.011,8.0,6.82,15.51,7.999999999999999
2022-05-27,18.568,8.0,6.82,15.51,8.0
2022-05-28,35.114,8.0,6.18,15.51,8.0
2022-05-30,24.336,8.0,5.690000000000001,15.51,8.0
2022-05-31,15.854,8.0,5.69,15.51,8.0
2022-06-01,22.234,8.0,5.72,15.51,8.0
2022-06-02,20.605,8.0,5.799999999999999,15.51,8.0
2022-06-03,29.489,9.2,5.84,15.51,9.200000000000001
2022-06-04,13.898,9.2,6.2,15.51,9.2
2022-06-05,21.97,10.0,6.259999999999999,15.51,10.0
2022-06-07,20.909,9.2,6.54,15.51,9.2
2022-06-08,17.046,9.2,6.73,15.51,9.2
2022-06-11,34.691,10.0,6.45,15.51,10.0
2022-06-12,29.698,10.0,6.71,15.51,10.0
2022-06-13,23.638,10.0,6.24,15.51,10.0
2022-06-14,23.587,10.0,6.35,15.51,10.0
2022-06-15,18.931,10.0,6.35,15.51,10.0
2022-06-16,18.079,10.0,6.43,15.51,10.0
2022-06-17,27.301,10.0,6.44,15.51,10.000000000000002
2022-06-18,29.834,10.0,6.08,15.51,10.0
2022-06-19,31.956,9.2,6.07,15.51,9.2
2022-06-21,22.014,7.2,5.91,15.51,7.2
2022-06-22,23.449,7.2,6.0,15.51,7.2
2022-06-25,22.426,8.0,5.19,15.51,8.0
2022-06-26,36.32,7.2,4.96,15.51,7.2
2022-06-27,21.772000000000002,7.2,4.94,15.51,7.2
2022-06-28,23.307,8.0,5.75,15.51,8.0
2022-06-29,40.424,7.377027027027027,5.322027027027027,15.51,7.377027027027027
2022-06-30,47.528,7.485542168674698,5.450722891566265,15.51,7.485542168674698
2022-07-02,55.851,8.756435643564355,5.766930693069307,15.51,8.755965346534653
2022-07-04,27.955000000000002,10.0,6.27,15.51,10.0
2022-07-05,42.64,9.306666666666667,5.872933333333334,15.51,9.306666666666667
2022-07-08,48.356,7.959595959595959,5.413131313131313,15.51,7.959595959595959
2022-07-09,44.535000000000004,8.0,5.6,15.51,8.0
2022-07-10,67.457,7.977304964539007,5.400567375886525,15.51,7.977304964539007
2022-07-11,24.264,8.0,5.9529508196721315,15.51,8.0
2022-07-12,64.579,7.694964028776978,5.583525179856116,15.51,7.694964028776978
2022-07-13,46.435,7.8999999999999995,5.890416666666667,15.51,7.8999999999999995
2022-07-14,34.033,10.0,6.2,15.51,10.0
2022-07-15,30.18,10.0,6.2,15.51,10.0
2022-07-16,59.714,10.0,6.12,15.51,10.0
2022-07-17,53.705,9.984126984126984,6.097380952380952,15.51,9.984126984126984
2022-07-18,43.19,10.0,5.63,15.51,9.8525
2022-07-19,33.363,9.972602739726028,5.503698630136986,15.51,9.602739726027398
2022-07-20,43.777,9.2,5.68,15.51,9.2
2022-07-21,38.147,9.2,5.94,15.51,9.2
2022-07-22,33.655,9.2,6.0,15.51,9.2
2022-07-23,45.47,9.2,6.0,15.51,9.2
2022-07-24,45.96,9.2,5.63,15.51,9.2
2022-07-26,73.97,8.802597402597401,6.032857142857143,15.51,8.802597402597401
2022-07-28,60.76,9.4176,5.8271999999999995,15.51,9.4176
2022-07-29,64.225,9.173643410852712,5.6105426356589145,15.51,8.965116279069768
2022-07-30,61.873,9.195555555555554,5.318962962962964,15.51,8.921666666666667
2022-07-31,49.207,9.20467289719626,5.1570093457943935,15.51,9.01607476635514
2022-08-01,82.282,8.431952662721894,5.124023668639054,15.51,8.150887573964496
2022-08-02,80.493,8.731428571428571,4.722342857142857,15.51,8.219042857142856
2022-08-03,68.43599999999999,7.775757575757575,5.327333333333334,15.51,7.622424242424243
2022-08-08,76.68900000000001,7.224698795180722,4.601325301204819,15.51,6.9955873493975895
2022-08-12,74.91,7.396000000000001,4.3637999999999995,15.51,6.926849999999999
2022-08-15,85.398,7.310928961748634,4.247759562841529,15.51,6.72912568306011
2022-08-16,81.22,7.610526315789474,4.228304093567251,15.51,6.798187134502924
2022-08-21,82.198,8.247368421052633,4.578223684210527,15.51,7.566332236842105
2022-08-24,46.96,8.737804878048781,4.451829268292683,15.51,7.492439024390244
2022-08-27,57.998,9.821875,5.72734375,15.51,9.67158203125
2022-08-29,45.738,9.098095238095238,6.945142857142857,15.51,9.098095238095238
2022-08-30,66.738,12.0,6.652530120481927,15.51,11.196897590361445
2022-08-31,35.261,13.0,7.515000000000001,15.51,12.3
2022-09-01,47.503,12.718446601941748,7.981747572815534,15.51,12.215533980582524
2022-09-02,42.416000000000004,12.736842105263158,8.173684210526316,15.51,12.466052631578949
2022-09-04,62.544,12.4992700729927,8.103941605839417,15.51,12.180054744525547
2022-09-05,53.158,12.628828828828828,8.367567567567567,15.51,12.628828828828828
2022-09-06,39.139,12.082051282051282,8.42,15.51,12.082051282051282
2022-09-07,40.007,13.662650602409638,8.73277108433735,15.51,13.662650602409638
2022-09-08,42.528,13.89126213592233,8.335339805825244,15.51,13.891262135922327
2022-09-09,66.968,14.0,8.341794871794871,15.51,14.0
2022-09-10,72.293,14.0,8.721085714285714,15.51,14.0
