中间数据集/按品类的日粒度时序数据集/花菜类.csv
日期,销量(千克),销售单价(元/千克),批发价格(元/千克),损耗率_品类,成本加成定价
2020-07-06,42.721000000000004,12.013953488372094,7.946046511627907,15.509999999999998,12.013953488372094
2020-07-09,41.131,12.03370786516854,7.527752808988763,15.509999999999998,12.03370786516854
2020-07-14,57.575,9.878260869565217,5.359043478260869,15.509999999999998,9.338695652173913
2020-07-21,49.005,9.77017543859649,5.57,15.509999999999998,9.547719298245614
2020-07-23,39.425,11.353409090909091,6.752954545454545,15.509999999999998,11.35340909090909
2020-07-27,42.876,11.347727272727273,7.4804545454545455,15.509999999999998,11.347727272727273
2020-08-03,44.426,11.168539325842696,7.142022471910113,15.509999999999998,11.168539325842696
2020-08-07,40.272,11.168539325842696,6.787303370786516,15.509999999999998,11.168539325842696
2020-08-24,41.784,10.584269662921349,6.738426966292134,15.509999999999998,10.584269662921349
2020-09-03,38.893,10.186046511627907,6.120116279069768,15.509999999999998,10.186046511627907
2020-09-12,43.337,10.438202247191011,7.32494382022472,15.509999999999998,10.438202247191011
2020-09-24,38.952,12.636363636363637,8.271818181818182,15.509999999999998,12.636363636363637
2020-10-07,56.266,10.403508771929825,6.150526315789474,15.509999999999998,10.35469298245614
2020-10-19,57.412,8.596491228070175,5.297719298245614,15.509999999999998,8.596491228070175
2020-10-26,22.371,9.636363636363637,6.222272727272727,15.509999999999998,9.636363636363637
2020-10-29,24.902,8.736363636363636,6.002727272727273,15.509999999999998,8.525795454545454
2020-11-09,57.592,6.157894736842105,4.3100000000000005,15.509999999999998,6.157894736842105
2020-11-28,79.441,5.370629370629371,3.6911888111888116,15.509999999999998,5.370629370629371
2020-12-08,29.686,7.2631578947368425,5.1352631578947365,15.509999999999998,7.2631578947368425
2020-12-10,20.405,6.863636363636363,4.981363636363636,15.509999999999998,6.863636363636363
2020-12-24,39.293,7.448275862068965,5.307586206896552,15.509999999999998,7.448275862068965
2021-02-06,75.497,8.3841059602649,5.065562913907285,15.509999999999998,8.187251655629138
2021-02-26,70.064,7.099337748344371,4.800066225165563,15.509999999999998,7.099337748344371
2021-02-27,74.704,7.921568627450981,4.97797385620915,15.509999999999998,7.921568627450981
2021-03-05,41.955,8.460674157303371,4.95932584269663,15.509999999999998,8.399325842696628
2021-03-19,42.902,7.747126436781609,5.234137931034483,15.509999999999998,7.747126436781609
2021-04-17,77.636,6.3084967320261445,4.251633986928105,15.509999999999998,6.3084967320261445
2021-05-05,34.156,5.172413793103448,3.2644827586206895,15.509999999999998,5.172413793103448
2021-05-24,40.924,7.465909090909091,4.622159090909091,15.509999999999998,7.465909090909091
2021-05-27,43.952,7.659090909090909,4.687045454545455,15.509999999999998,7.5696022727272725
2021-06-07,24.819,7.909090909090909,4.7690909090909095,15.509999999999998,7.814545454545454
2021-06-08,25.106,7.465116279069767,4.5632558139534884,15.509999999999998,7.465116279069767
2021-06-26,71.821,9.557046979865772,6.184295302013422,15.509999999999998,9.557046979865772
2021-07-04,45.679,8.604651162790697,4.984883720930233,15.509999999999998,8.588372093023255
2021-07-07,40.488,8.69767441860465,4.976744186046512,15.509999999999998,8.657209302325581
2021-07-17,79.353,7.54421768707483,4.815714285714286,15.509999999999998,7.54421768707483
2021-07-28,58.303,9.6,6.724,15.509999999999998,9.6
2021-08-08,50.406,10.0,7.02,15.509999999999998,10.0
2021-08-21,34.9,8.596491228070175,6.503859649122807,15.509999999999998,8.596491228070175
2021-09-16,9.283,12.0,7.829999999999999,15.509999999999998,12.0
2021-09-25,46.058,7.986363636363635,5.870000000000001,15.509999999999998,7.986363636363635
2021-10-13,16.528,13.363636363636363,9.45,15.509999999999998,13.363636363636363
2021-11-02,25.844,12.0,8.64,15.509999999999998,12.0
2021-11-06,26.725,10.175438596491228,6.879999999999999,15.509999999999998,10.175438596491228
2021-11-08,28.296,10.350877192982455,8.43,15.509999999999998,10.350877192982455
2021-11-12,18.935,14.0,8.89,15.509999999999998,14.0
2021-11-13,20.049,14.0,8.87,15.509999999999998,14.0
2021-12-01,18.538,10.0,7.22,15.509999999999998,10.0
2021-12-18,42.242,8.0,6.76,15.509999999999998,8.0
2021-12-29,24.749,8.0,5.68,15.509999999999998,8.0
2021-12-31,69.793,6.140350877192983,4.1255263157894735,15.509999999999998,6.140350877192983
2022-01-04,45.257,6.0,5.38,15.509999999999998,6.0
2022-01-08,43.284,8.0,4.84,15.509999999999998,8.0
2022-01-25,48.877,10.0,6.0,15.509999999999998,10.0
2022-01-27,58.027,10.0,6.4,15.509999999999998,10.0
2022-02-06,52.784,9.0,5.2,15.509999999999998,9.0
2022-02-19,49.665,8.0,5.3,15.509999999999998,8.0
2022-02-22,21.47,8.0,5.49,15.509999999999998,8.0
2022-03-01,22.944,10.0,6.6,15.509999999999998,10.0
2022-04-08,10.629,12.0,7.48,15.509999999999998,11.999999999999998
2022-04-15,10.73,14.0,8.32,15.509999999999998,13.999999999999998
2022-04-27,9.138,12.0,7.44,15.509999999999998,12.0
2022-05-06,20.488,8.19090909090909,3.4,15.509999999999998,5.95
2022-05-18,20.24,8.0,5.96,15.509999999999998,8.0
2022-05-29,42.403,8.0,5.69,15.509999999999998,8.0
2022-06-06,23.309,9.2,6.459999999999999,15.509999999999998,9.2
2022-06-09,21.532,9.2,6.51,15.509999999999998,9.2
2022-07-01,28.897,8.903508771929824,5.884385964912281,15.509999999999998,8.903508771929824
2022-07-06,31.186,9.115789473684211,5.865964912280702,15.509999999999998,9.115789473684211
2022-07-07,50.962,8.0,5.677931034482758,15.509999999999998,8.0
2022-07-27,67.503,9.54758620689655,5.983379310344827,15.509999999999998,9.547586206896552
2022-08-04,65.154,7.6573426573426575,5.131258741258742,15.509999999999998,7.355979020979021
2022-08-10,70.518,7.288275862068965,4.549724137931035,15.509999999999998,6.904224137931034
2022-08-11,73.029,7.231543624161074,4.632281879194631,15.509999999999998,6.92701342281879
2022-08-22,45.204,9.049999999999999,4.51625,15.509999999999998,7.903437499999999
2022-08-23,43.039,9.090909090909092,4.64,15.509999999999998,8.12
2022-09-11,63.234,13.511409395973155,9.262550335570468,15.509999999999998,13.511409395973153
2022-09-16,41.283,11.02247191011236,8.016629213483146,15.509999999999998,11.022471910112358
2022-09-24,75.743,10.017880794701988,5.863774834437087,15.509999999999998,9.992086092715232
2022-10-23,38.944,10.444827586206896,6.000344827586207,15.509999999999998,9.920057471264368
2022-10-25,36.506,10.082954545454545,6.2070454545454545,15.509999999999998,10.067954545454546
2022-10-28,40.855,8.136046511627908,5.884418604651163,15.509999999999998,8.136046511627908
2022-11-08,41.117,6.251162790697674,4.048372093023256,15.509999999999998,5.712848837209302
2022-11-13,50.639,6.430701754385965,3.601666666666667,15.509999999999998,6.2459649122807015
2022-11-16,18.714,6.1720930232558135,3.9523255813953484,15.509999999999998,5.955813953488371
2022-11-18,68.424,5.846153846153846,3.102937062937063,15.509999999999998,4.980769230769231
2022-11-25,46.435,5.7250000000000005,3.3651136363636365,15.509999999999998,4.74846590909091
2022-12-10,55.053,5.473684210526316,3.2431578947368425,15.509999999999998,4.642543859649122
2022-12-14,40.701,6.05,3.6118181818181814,15.509999999999998,5.435738636363637
2022-12-18,68.962,5.740689655172414,3.6201379310344826,15.509999999999998,5.437310344827586
2022-12-27,39.591,6.425287356321839,4.48448275862069,15.509999999999998,6.425287356321839
2022-12-31,39.573,7.6139534883720925,5.302906976744186,15.509999999999998,7.6139534883720925
2023-01-26,60.15,11.140350877192983,6.526929824561403,15.509999999999998,11.040504385964914
2023-01-29,40.249,10.71264367816092,6.53264367816092,15.509999999999998,10.71264367816092
2023-02-02,41.747,9.652808988764045,6.7167415730337074,15.509999999999998,9.652808988764045
2023-02-04,39.93,10.063218390804598,6.313563218390804,15.509999999999998,10.063218390804598
2023-02-14,37.56,9.320930232558139,6.266976744186047,15.509999999999998,9.3125
2023-02-17,38.594,9.362790697674418,5.531511627906977,15.509999999999998,8.953691860465115
2023-02-18,48.488,9.21391304347826,5.527652173913043,15.509999999999998,8.737434782608695
2023-03-28,18.519,10.411363636363637,7.579999999999999,15.509999999999998,10.411363636363637
2023-04-20,19.807,10.10909090909091,6.826818181818182,15.509999999999998,10.10909090909091
2023-04-22,40.026,10.472727272727273,7.029090909090908,15.509999999999998,10.472727272727273
2023-05-05,28.675,10.68421052631579,7.624210526315789,15.509999999999998,10.68421052631579
2023-05-20,27.242,9.994736842105263,7.261052631578948,15.509999999999998,9.994736842105263
2023-05-27,41.279,10.388372093023255,8.489418604651163,15.509999999999998,10.388372093023253
2023-05-31,16.723,13.674418604651162,9.871162790697674,15.509999999999998,13.674418604651162
2023-06-16,22.692,13.720930232558139,9.171860465116279,15.509999999999998,13.720930232558139
2023-06-23,9.279,14.0,9.27,15.509999999999998,14.0
