中间数据集/按品类的日粒度时序数据集/花菜类.csv
日期,销量(千克),销售单价(元/千克),批发价格(元/千克),损耗率_品类,成本加成定价
2020-07-10,62.344,10.683823529411764,6.608529411764706,15.510000000000002,10.683823529411764
2020-07-17,44.198,10.503260869565217,5.910217391304348,15.510000000000002,10.114076086956521
2020-07-22,53.675,10.649137931034483,6.013103448275862,15.510000000000002,10.380193965517241
2020-08-10,50.7,11.836206896551724,8.18896551724138,15.510000000000002,11.777241379310345
2020-08-29,56.803,10.275862068965518,7.133448275862068,15.510000000000002,10.275862068965518
2020-09-02,38.716,10.311111111111112,6.551777777777778,15.510000000000002,10.311111111111112
2020-09-15,29.878,10.373134328358208,6.543432835820896,15.510000000000002,10.373134328358208
2020-09-19,82.75999999999999,9.818867924528302,6.395283018867924,15.510000000000002,9.818867924528302
2020-09-23,31.972,11.294117647058824,7.01764705882353,15.510000000000002,10.556470588235294
2020-09-25,41.561,13.173913043478262,8.538804347826087,15.510000000000002,13.173913043478262
2020-09-29,28.105,12.413793103448276,7.5151724137931035,15.510000000000002,12.413793103448276
2020-10-03,44.493,11.91304347826087,7.6717391304347835,15.510000000000002,11.91304347826087
2020-10-04,34.491,12.173913043478262,6.884782608695652,15.510000000000002,11.938804347826089
2020-10-08,49.58,10.131868131868131,6.065934065934066,15.510000000000002,10.131868131868131
2020-10-12,34.815,9.942028985507246,5.769420289855073,15.510000000000002,9.942028985507246
2020-10-28,30.297,9.206896551724139,5.973793103448275,15.510000000000002,8.990775862068967
2020-10-30,28.939,8.441379310344827,5.9158620689655175,15.510000000000002,8.441379310344827
2020-12-09,20.825,7.2444444444444445,5.185333333333333,15.510000000000002,7.2444444444444445
2020-12-13,78.67,7.286624203821656,4.944267515923567,15.510000000000002,7.286624203821656
2021-01-08,29.703,9.835820895522389,6.4085074626865675,15.510000000000002,9.835820895522389
2021-01-12,18.847,12.533333333333333,7.606666666666667,15.510000000000002,12.339666666666668
2021-01-14,34.119,12.029411764705882,8.592058823529412,15.510000000000002,12.029411764705882
2021-01-17,45.21,13.221505376344085,8.308387096774194,15.510000000000002,13.07005376344086
2021-01-22,32.636,12.882352941176471,8.422941176470587,15.510000000000002,12.882352941176471
2021-02-02,41.328,10.0,6.548064516129033,15.510000000000002,10.000000000000002
2021-03-12,31.282,8.656716417910447,5.001940298507463,15.510000000000002,8.331455223880596
2021-03-13,43.017,9.065217391304348,5.192934782608695,15.510000000000002,8.933179347826087
2021-03-15,28.603,8.913793103448276,5.994999999999999,15.510000000000002,8.913793103448278
2021-03-18,29.081,8.344827586206897,5.870344827586207,15.510000000000002,8.344827586206897
2021-04-02,69.53,7.294117647058823,6.121176470588235,15.510000000000002,7.2941176470588225
2021-04-05,76.701,9.044025157232705,6.336666666666667,15.510000000000002,9.023930817610063
2021-04-07,26.939,8.275862068965518,6.244137931034484,15.510000000000002,8.275862068965518
2021-04-15,27.05,6.5793103448275865,4.4272413793103444,15.510000000000002,6.5793103448275865
2021-04-19,25.092,6.013333333333334,4.123333333333334,15.510000000000002,6.013333333333334
2021-05-07,26.046,5.655172413793103,3.855862068965517,15.510000000000002,5.655172413793103
2021-05-12,19.252,5.688888888888889,3.454444444444444,15.510000000000002,5.657777777777778
2021-05-14,40.997,6.111111111111111,3.9099999999999997,15.510000000000002,6.035555555555556
2021-05-30,21.296,5.735294117647059,4.7558823529411764,15.510000000000002,5.735294117647059
2021-05-31,39.165,6.402985074626866,5.047164179104478,15.510000000000002,6.402985074626866
2021-06-03,36.284,7.27536231884058,4.607391304347826,15.510000000000002,7.149456521739131
2021-06-04,31.416,8.08695652173913,4.949565217391305,15.510000000000002,8.08695652173913
2021-06-09,26.845,8.173913043478262,4.974347826086956,15.510000000000002,7.97875
2021-06-14,73.037,7.536231884057971,5.708115942028986,15.510000000000002,7.504347826086956
2021-06-15,45.326,8.444444444444445,5.191666666666666,15.510000000000002,8.444444444444445
2021-06-17,48.477,8.108695652173912,5.8500000000000005,15.510000000000002,8.093913043478262
2021-06-23,57.723,9.051724137931034,5.889396551724138,15.510000000000002,9.051724137931034
2021-07-08,61.361,8.482758620689655,4.931379310344827,15.510000000000002,8.482758620689655
2021-07-09,28.476,8.588235294117647,4.912352941176471,15.510000000000002,8.515441176470588
2021-07-10,70.59,8.129032258064516,5.131806451612904,15.510000000000002,7.878435483870968
2021-07-15,27.632,7.758620689655173,5.0248275862068965,15.510000000000002,7.7170689655172415
2021-07-22,34.223,8.0,5.614117647058824,15.510000000000002,7.611764705882353
2021-07-23,38.509,7.956521739130435,4.973768115942029,15.510000000000002,7.736413043478261
2021-08-07,40.416,10.0,7.0200000000000005,15.510000000000002,10.0
2021-09-11,18.06,8.117647058823529,7.961176470588235,15.510000000000002,8.117647058823529
2021-09-17,13.163,12.0,7.14,15.510000000000002,12.0
2021-09-23,27.236,10.0,6.32,15.510000000000002,10.0
2021-10-02,40.392,9.771739130434783,7.39,15.510000000000002,9.771739130434783
2021-10-12,18.362,13.391304347826088,9.18,15.510000000000002,13.391304347826088
2021-10-15,23.991,13.217391304347826,9.377173913043478,15.510000000000002,13.214945652173913
2021-11-01,26.24,12.0,8.63,15.510000000000002,11.999999999999998
2021-11-07,35.638,10.289855072463768,7.75,15.510000000000002,10.289855072463768
2021-11-10,27.656,10.172413793103448,8.98,15.510000000000002,10.172413793103448
2021-11-19,8.768,14.0,9.21,15.510000000000002,14.0
2021-11-22,9.756,14.0,9.24,15.510000000000002,14.0
2021-12-04,22.865000000000002,14.0,8.35,15.510000000000002,14.0
2021-12-11,30.45,14.0,9.42,15.510000000000002,14.000000000000002
2021-12-15,18.179,12.0,8.06,15.510000000000002,12.0
2021-12-16,25.768,8.0,7.47,15.510000000000002,8.0
2021-12-24,30.134999999999998,9.0,5.54,15.510000000000002,9.0
2022-01-02,26.605,8.0,5.4,15.510000000000002,8.0
2022-01-11,54.466,6.0,4.06,15.510000000000002,6.0
2022-01-12,35.007,6.0,3.76,15.510000000000002,5.999999999999999
2022-01-20,32.318,7.0,4.16,15.510000000000002,6.999999999999999
2022-01-21,32.031,7.0,4.44,15.510000000000002,7.0
2022-01-24,22.147,9.0,5.73,15.510000000000002,9.0
2022-02-01,13.968,10.0,6.4,15.510000000000002,10.0
2022-02-02,38.729,10.0,6.4,15.510000000000002,10.0
2022-02-05,45.665,9.0,5.24,15.510000000000002,9.0
2022-02-20,36.386,7.731343283582089,5.053432835820895,15.510000000000002,7.724626865671641
2022-02-24,34.624,8.0,5.74,15.510000000000002,8.0
2022-02-28,22.582,10.0,6.6,15.510000000000002,10.0
2022-03-12,27.529,8.344827586206897,6.5522413793103444,15.510000000000002,8.344827586206897
2022-03-21,13.613,12.0,7.3,15.510000000000002,11.999999999999998
2022-04-04,22.224,12.0,7.480000000000001,15.510000000000002,11.999999999999998
2022-04-11,6.383,12.0,7.96,15.510000000000002,11.999999999999998
2022-04-16,12.666,14.0,8.32,15.510000000000002,13.999999999999998
2022-04-18,12.087,14.0,8.6,15.510000000000002,14.000000000000002
2022-04-21,8.548,14.117647058823529,9.653529411764707,15.510000000000002,14.117647058823529
2022-04-24,15.603,14.0,9.37,15.510000000000002,14.0
2022-04-28,11.202,12.0,7.18,15.510000000000002,12.0
2022-05-07,23.375,6.0,3.2,15.510000000000002,5.6000000000000005
2022-06-10,13.058,10.0,6.27,15.510000000000002,10.0
2022-06-20,26.02,9.2,6.07,15.510000000000002,9.2
2022-06-23,14.583,7.2,5.97,15.510000000000002,7.2
2022-06-24,17.64,9.2,5.05,15.510000000000002,8.8375
2022-07-03,47.944,9.655913978494624,6.104086021505377,15.510000000000002,9.655913978494624
2022-07-25,79.565,8.595604395604395,6.267967032967033,15.510000000000002,8.595604395604395
2022-08-05,72.799,7.150967741935484,4.71716129032258,15.510000000000002,7.073548387096775
2022-08-09,75.303,7.253459119496855,4.619245283018868,15.510000000000002,6.9475
2022-08-25,63.776,9.035820895522388,4.947611940298508,15.510000000000002,8.232369402985075
2022-08-26,48.086,8.954444444444444,5.290444444444445,15.510000000000002,8.661944444444444
2022-09-03,53.626,12.39655172413793,8.279310344827586,15.510000000000002,12.242068965517241
2022-09-17,69.613,11.0944099378882,7.73975155279503,15.510000000000002,11.0944099378882
2022-09-20,42.297,10.271739130434783,5.846086956521738,15.510000000000002,9.730271739130435
2022-10-01,76.799,10.055414012738854,6.335987261146497,15.510000000000002,10.005875796178342
2022-10-10,47.046,9.254838709677419,6.07258064516129,15.510000000000002,8.992580645161292
2022-10-12,29.309,10.274999999999999,6.46235294117647,15.510000000000002,10.274999999999999
2022-10-20,30.363,11.066666666666666,6.77,15.510000000000002,10.817500000000003
2022-10-24,30.369,9.408695652173913,6.060869565217391,15.510000000000002,9.319130434782608
2022-11-14,38.303,6.182417582417583,3.4938461538461536,15.510000000000002,5.885714285714286
2022-11-15,38.944,5.9813186813186805,3.8359340659340657,15.510000000000002,5.698296703296703
2022-12-21,76.358,5.651648351648351,3.751648351648351,15.510000000000002,5.651648351648351
2022-12-22,33.671,6.144927536231884,4.164347826086956,15.510000000000002,6.144927536231883
2022-12-23,29.486,6.068965517241379,4.142068965517241,15.510000000000002,6.068965517241379
2023-01-01,39.38,7.161290322580645,4.81752688172043,15.510000000000002,7.161290322580647
2023-01-04,27.843,10.263793103448275,5.52448275862069,15.510000000000002,9.015043103448276
2023-01-30,42.686,9.508791208791209,6.544615384615384,15.510000000000002,9.508791208791209
2023-03-04,33.769,8.882089552238806,6.483582089552239,15.510000000000002,8.882089552238805
2023-03-20,37.566,9.132967032967032,7.089890109890111,15.510000000000002,9.132967032967032
2023-04-04,20.022,10.606666666666667,8.442444444444446,15.510000000000002,10.606666666666667
2023-04-11,15.788,9.799999999999999,7.536176470588236,15.510000000000002,9.799999999999999
2023-04-15,20.852,11.022222222222222,7.416222222222222,15.510000000000002,11.022222222222222
2023-04-21,26.17,10.56551724137931,7.158275862068964,15.510000000000002,10.56551724137931
2023-05-13,45.087,8.87741935483871,6.590967741935483,15.510000000000002,8.87741935483871
2023-05-17,19.914,10.484444444444446,6.944000000000001,15.510000000000002,10.435555555555554
